ets Jul 29 2019 12:21:46

rst:0x1 (POWERON_RESET),boot:0x13 (SPI_FAST_FLASH_BOOT)
configsip: 0, SPIWP:0xee
clk_drv:0x00,q_drv:0x00,d_drv:0x00,cs0_drv:0x00,hd_drv:0x00,wp_drv:0x00
mode:DIO, clock div:2
load:0x3fff0030,len:7172
load:0x40078000,len:15540
load:0x40080400,len:4
ho 8 tail 4 room 4
load:0x40080404,len:3904
entry 0x40080640
[0;32mI (31) boot: ESP-IDF v5.2.1-dirty 2nd stage bootloader[0m
[0;32mI (31) boot: compile time Oct  6 2024 11:12:42[0m
[0;32mI (31) boot: Multicore bootloader[0m
[0;32mI (36) boot: chip revision: v3.1[0m
[0;32mI (40) boot.esp32: SPI Speed      : 40MHz[0m
[0;32mI (44) boot.esp32: SPI Mode       : DIO[0m
[0;32mI (49) boot.esp32: SPI Flash Size : 2MB[0m
[0;32mI (53) boot: Enabling RNG early entropy source...[0m
[0;32mI (59) boot: Partition Table:[0m
[0;32mI (62) boot: ## Label            Usage          Type ST Offset   Length[0m
[0;32mI (70) boot:  0 nvs              WiFi data        01 02 00009000 00006000[0m
[0;32mI (77) boot:  1 phy_init         RF data          01 01 0000f000 00001000[0m
[0;32mI (85) boot:  2 factory          factory app      00 00 00010000 00100000[0m
[0;32mI (92) boot: End of partition table[0m
[0;32mI (96) esp_image: segment 0: paddr=00010020 vaddr=3f400020 size=0afdch ( 45020) map[0m
[0;32mI (120) esp_image: segment 1: paddr=0001b004 vaddr=3ffb0000 size=02254h (  8788) load[0m
[0;32mI (124) esp_image: segment 2: paddr=0001d260 vaddr=40080000 size=02db8h ( 11704) load[0m
[0;32mI (131) esp_image: segment 3: paddr=00020020 vaddr=400d0020 size=1990ch (104716) map[0m
[0;32mI (170) esp_image: segment 4: paddr=00039934 vaddr=40082db8 size=0a9a8h ( 43432) load[0m
[0;32mI (194) boot: Loaded app from partition at offset 0x10000[0m
[0;32mI (194) boot: Disabling RNG early entropy source...[0m
[0;32mI (206) cpu_start: Multicore app[0m
[0;32mI (215) cpu_start: Pro cpu start user code[0m
[0;32mI (215) cpu_start: cpu freq: 160000000 Hz[0m
[0;32mI (215) cpu_start: Application information:[0m
[0;32mI (218) cpu_start: Project name:     app-template[0m
[0;32mI (223) cpu_start: App version:      1[0m
[0;32mI (228) cpu_start: Compile time:     Oct  6 2024 11:13:13[0m
[0;32mI (234) cpu_start: ELF file SHA256:  200ed0bd8...[0m
[0;32mI (239) cpu_start: ESP-IDF:          v5.2.1-dirty[0m
[0;32mI (244) cpu_start: Min chip rev:     v0.0[0m
[0;32mI (249) cpu_start: Max chip rev:     v3.99 [0m
[0;32mI (254) cpu_start: Chip rev:         v3.1[0m
[0;32mI (259) heap_init: Initializing. RAM available for dynamic allocation:[0m
[0;32mI (266) heap_init: At 3FFAE6E0 len 00001920 (6 KiB): DRAM[0m
[0;32mI (272) heap_init: At 3FFB2B18 len 0002D4E8 (181 KiB): DRAM[0m
[0;32mI (278) heap_init: At 3FFE0440 len 00003AE0 (14 KiB): D/IRAM[0m
[0;32mI (284) heap_init: At 3FFE4350 len 0001BCB0 (111 KiB): D/IRAM[0m
[0;32mI (291) heap_init: At 4008D760 len 000128A0 (74 KiB): IRAM[0m
[0;32mI (299) spi_flash: detected chip: generic[0m
[0;32mI (302) spi_flash: flash io: dio[0m
[0;33mW (306) spi_flash: Detected size(4096k) larger than the size in the binary image header(2048k). Using the size in the binary image header.[0m
[0;32mI (320) main_task: Started on CPU0[0m
[0;32mI (330) main_task: Calling app_main()[0m
[0;32mI (2430) SIM800L: Received: AT
OK

SMS Ready
[0m
[0;32mI (4530) SIM800L: Received: }Wuï¿½ï¿½ï¿½[0m
[0;33mW (6630) SIM800L: No data received.[0m
[0;32mI (8730) SIM800L: Received: AT+CPIN?
ERROR

+CPIN: READY
[0m
[0;32mI (10830) SIM800L: Received: AT+CCID?
ERROR
[0m
[0;32mI (12930) SIM800L: Received: AT+CREG?
+CREG: 0,2

OK

Call Ready

SMS Ready
[0m
[0;32mI (15030) SIM800L: Received: AT+CMEE=1
OK
[0m
[0;33mW (17130) SIM800L: No data received.[0m
[0;32mI (19230) SIM800L: Received: AT+CMGS="515560361"
ERROR

+CPIN: READY
[0m
[0;32mI (24330) SIM800L: Received: hej
Call Ready

SMS Ready
[0m
[0;32mI (31430) SIM800L: Received: AT+CMGF=1
ERROR

+CPIN: READY
[0m
[0;32mI (33530) SIM800L: Received: AT+CMGS="515560361"
ERROR
[0m
[0;32mI (38630) SIM800L: Received: hej
Call Ready

SMS Ready
[0m
[0;32mI (45730) SIM800L: Received: AT+CMGF=1
OK

Call Ready
[0m
[0;32mI (47830) SIM800L: Received: AT+CMGS="515560361"
> 
SMS Ready
[0m
[0;33mW (52930) SIM800L: No data received.[0m
[0;32mI (60030) SIM800L: Received: AT+CMGF=1
OK
[0m
[0;33mW (62130) SIM800L: No data received.[0m
[0;33mW (67230) SIM800L: No data received.[0m
[0;33mW (74330) SIM800L: No data received.[0m
[0;32mI (76430) SIM800L: Received: AT+CMGS="515560361"
ERROR
[0m
[0;32mI (81530) SIM800L: Received: hej
Call Ready

SMS Ready
[0m
[0;32mI (88630) SIM800L: Received: AT+CMGF=1
OK
[0m
[0;32mI (90730) SIM800L: Received: AT+CMGS="515560361"
> 
Call Ready
[0m
[0;32mI (95830) SIM800L: Received: hej
SMS Ready
[0m
[0;33mW (102930) SIM800L: No data received.[0m
[0;32mI (105030) SIM800L: Received: AT+CMGS="515560361"
ERROR

RDY

+CFUN: 1

+CPIN: READY
[0m
[0;32mI (110130) SIM800L: Received: hej
Call Ready

SMS Ready
[0m
[0;32mI (117230) SIM800L: Received: AT+CMGF=1
ERROR

+CPIN: READY
[0m
[0;32mI (119330) SIM800L: Received: AT+CMGS="515560361"
ERROR
[0m
[0;32mI (124430) SIM800L: Received: hej
Call Ready

SMS Ready
[0m
[0;32mI (131530) SIM800L: Received: AT+CMGF=1
OK

Call Ready
[0m
[0;32mI (133630) SIM800L: Received: AT+CMGS="515560361"
> 
SMS Ready
[0m
[0;32mI (138730) SIM800L: Received: oukï¿½
[0;32mI (145830) SIM800L: Received: AT+CMGF=1
OK
[0m
[0;33mW (147930) SIM800L: No data received.[0m
[0;33mW (153030) SIM800L: No data received.[0m
[0;32mI (160130) SIM800L: Received: }Wï¿½{mwwï¿½ï¿½ï¿½ï¿½[0m
[0;33mW (162230) SIM800L: No data received.[0m
[0;33mW (167330) SIM800L: No data received.[0m
[0;32mI (174430) SIM800L: Received: AT+CMGF=1
OK
[0m
[0;32mI (176530) SIM800L: Received: AT+CMGS="515560361"
> [0m
[0;32mI (181630) SIM800L: Received: hej
+CMGS: 67

OK
[0m
[0;32mI (188730) SIM800L: Received: AT+CMGF=1
OK
[0m
[0;32mI (190830) SIM800L: Received: AT+CMGS="515560361"
> [0m
[0;32mI (195930) SIM800L: Received: hej[0m
[0;33mW (203030) SIM800L: No data received.[0m
[0;33mW (205130) SIM800L: No data received.[0m
[0;33mW (210230) SIM800L: No data received.[0m
[0;32mI (217330) SIM800L: Received: AT+CMGF=1
OK
[0m
[0;32mI (219430) SIM800L: Received: AT+CMGS="515560361"
> [0m
[0;32mI (224530) SIM800L: Received: hej
Call Ready

SMS Ready
[0m
[0;33mW (231630) SIM800L: No data received.[0m
[0;32mI (233730) SIM800L: Received: AT+CMGS="515560361"
ERROR

+CPIN: READY
[0m
[0;32mI (238830) SIM800L: Received: hej[0m
[0;32mI (245930) SIM800L: Received: AT+CMGF=1
OK

Call Ready
[0m
[0;32mI (248030) SIM800L: Received: AT+CMGS="515560361"
> 
SMS Ready
[0m
[0;32mI (253130) SIM800L: Received: hej[0m
[0;32mI (260230) SIM800L: Received: AT+CMGF=1
OK

SMS Ready
[0m
[0;32mI (262330) SIM800L: Received: AT+CMGS="515560361"
> [0m
[0;32mI (267430) SIM800L: Received: hej[0m
[0;32mI (274530) SIM800L: Received: AT+CMGF=1
OK
[0m
[0;33mW (276630) SIM800L: No data received.[0m
[0;33mW (281730) SIM800L: No data received.[0m
[0;32mI (288830) SIM800L: Received: AT+CMGF=1
ERROR

RDY

+CFUN: 1

+CPIN: READY
[0m
[0;32mI (290930) SIM800L: Received: AT+CMGS="515560361"
ERROR
[0m
[0;32mI (296030) SIM800L: Received: hej
Call Ready

SMS Ready
[0m
[0;32mI (303130) SIM800L: Received: AT+CMGF=1
OK
[0m
[0;32mI (305230) SIM800L: Received: AT+CMGS="515560361"
> [0m
[0;32mI (310330) SIM800L: Received: hej
+CMGS: 72

OK
[0m
[0;32mI (317430) SIM800L: Received: AT+CMGF=1
OK
[0m
[0;32mI (319530) SIM800L: Received: AT+CMGS="515560361"
> [0m
[0;32mI (324630) SIM800L: Received: hej
+CMGS: 73

OK
[0m
[0;32mI (331730) SIM800L: Received: AT+CMGF=1
OK
[0m
[0;32mI (333830) SIM800L: Received: AT+CMGS="515560361"
> [0m
[0;32mI (338930) SIM800L: Received: hej
+CMGS: 74

OK
[0m
[0;32mI (346030) SIM800L: Received: AT+CMGF=1
OK
[0m
[0;32mI (348130) SIM800L: Received: AT+CMGS="515560361"
> [0m
[0;32mI (353230) SIM800L: Received: hej[0m
[0;32mI (360330) SIM800L: Received: AT+CMGF=1
OK
[0m
[0;33mW (362430) SIM800L: No data received.[0m
[0;33mW (367530) SIM800L: No data received.[0m
[0;33mW (374630) SIM800L: No data received.[0m
[0;32mI (376730) SIM800L: Received: AT+CMGS="515560361"
ERROR
[0m
[0;32mI (381830) SIM800L: Received: hej
Call Ready
[0m
[0;32mI (388930) SIM800L: Received: AT+CMGF=1
OK

Call Ready
[0m
[0;32mI (391030) SIM800L: Received: AT+CMGS="515560361"
> 
SMS Ready
[0m
[0;32mI (396130) SIM800L: Received: hej[0m
[0;32mI (403230) SIM800L: Received: AT+CMGF=1
OK

Call Ready
[0m
[0;32mI (405330) SIM800L: Received: AT+CMGS="515560361"
> [0m
[0;33mW (410430) SIM800L: No data received.[0m
[0;33mW (417530) SIM800L: No data received.[0m
[0;32mI (419630) SIM800L: Received: AT+CMGS="515560361"
ERROR

+CPIN: READY
[0m
[0;32mI (424730) SIM800L: Received: hej
Call Ready
[0m
[0;32mI (431830) SIM800L: Received: AT+CMGF=1
OK
[0m
[0;32mI (433930) SIM800L: Received: AT+CMGS="515560361"
> 
Call Ready

SMS Ready
[0m
[0;32mI (439030) SIM800L: Received: hej[0m
[0;32mI (446130) SIM800L: Received: AT+CMGF=1
ERROR

+CPIN: READY
[0m
[0;32mI (448230) SIM800L: Received: AT+CMGS="515560361"
ERROR
[0m
[0;32mI (453330) SIM800L: Received: hej
Call Ready

SMS Ready
[0m
[0;32mI (460430) SIM800L: Received: AT+CMGF=1
OK
[0m
[0;32mI (462530) SIM800L: Received: AT+CMGS="515560361"
> [0m
[0;32mI (467630) SIM800L: Received: hej
+CMGS: 78

OK
[0m
[0;32mI (474730) SIM800L: Received: AT+CMGF=1
OK
[0m
[0;32mI (476830) SIM800L: Received: AT+CMGS="515560361"
> [0m
[0;32mI (481930) SIM800L: Received: hej
+CMGS: 79

OK
[0m
[0;32mI (489030) SIM800L: Received: AT+CMGF=1
OK
[0m
[0;32mI (491130) SIM800L: Received: AT+CMGS="515560361"
> [0m
[0;32mI (496230) SIM800L: Received: hej
+CMGS: 80

OK
[0m
